USER@DESKTOP-T7RQUNS MINGW64 /d/Gitlab/GitDemo (master)
$ git status
On branch master
Untracked files:
  (use "git add <file>..." to include in what will be committed)
        firstlog.log

nothing added to commit but untracked files present (use "git add" to track)

USER@DESKTOP-T7RQUNS MINGW64 /d/Gitlab/GitDemo (master)
$ echo "*.log" >> .gitignore

USER@DESKTOP-T7RQUNS MINGW64 /d/Gitlab/GitDemo (master)
$ git status
On branch master
Untracked files:
  (use "git add <file>..." to include in what will be committed)
        .gitignore

nothing added to commit but untracked files present (use "git add" to track)

USER@DESKTOP-T7RQUNS MINGW64 /d/Gitlab/GitDemo (master)
$ git add .gitignore
warning: in the working copy of '.gitignore', LF will be replaced by CRLF the next time Git touches it

USER@DESKTOP-T7RQUNS MINGW64 /d/Gitlab/GitDemo (master)
$ git commit
[master 2042377] Ignore log files
 1 file changed, 1 insertion(+)
 create mode 100644 .gitignore

USER@DESKTOP-T7RQUNS MINGW64 /d/Gitlab/GitDemo (master)
$ git status
On branch master
nothing to commit, working tree clean

USER@DESKTOP-T7RQUNS MINGW64 /d/Gitlab/GitDemo (master)
$ git push origin master
Enumerating objects: 4, done.
Counting objects: 100% (4/4), done.
Delta compression using up to 8 threads
Compressing objects: 100% (2/2), done.
Writing objects: 100% (3/3), 288 bytes | 288.00 KiB/s, done.
Total 3 (delta 0), reused 0 (delta 0), pack-reused 0 (from 0)
To https://gitlab.com/anirudh645-group/GitDemo.git
   e24885f..2042377  master -> master